I'm sorry, but errors were detected in your script. Please correct the
errors listed below, and try again.


File "launcher/game/preferences.rpy", line 303: invalid syntax
        textbutton _(f"{i}") style "l_checkbox" action NullAction()
                    ^

Ren'Py Version: Ren'Py 8.2.1.24030407
Sun Mar 17 13:06:14 2024
